Copyright 1986-2020 Xilinx, Inc. All Rights Reserved.
---------------------------------------------------------------------------------------
| Tool Version : Vivado v.2020.1 (win64) Build 2902540 Wed May 27 19:54:49 MDT 2020
| Date         : Mon Mar 13 15:59:41 2023
| Host         : PC1012002888 running 64-bit major release  (build 9200)
| Command      : report_control_sets -verbose -file nexys_hdmi_control_sets_placed.rpt
| Design       : nexys_hdmi
| Device       : xc7a200t
---------------------------------------------------------------------------------------

Control Set Information

Table of Contents
-----------------
1. Summary
2. Histogram
3. Flip-Flop Distribution
4. Detailed Control Set Information

1. Summary
----------

+----------------------------------------------------------+-------+
|                          Status                          | Count |
+----------------------------------------------------------+-------+
| Total control sets                                       |    42 |
|    Minimum number of control sets                        |    42 |
|    Addition due to synthesis replication                 |     0 |
|    Addition due to physical synthesis replication        |     0 |
| Unused register locations in slices containing registers |   147 |
+----------------------------------------------------------+-------+
* Control sets can be merged at opt_design using control_set_merge or merge_equivalent_drivers
** Run report_qor_suggestions for automated merging and remapping suggestions


2. Histogram
------------

+--------------------+-------+
|       Fanout       | Count |
+--------------------+-------+
| Total control sets |    42 |
| >= 0 to < 4        |     2 |
| >= 4 to < 6        |     5 |
| >= 6 to < 8        |     1 |
| >= 8 to < 10       |     7 |
| >= 10 to < 12      |     5 |
| >= 12 to < 14      |    11 |
| >= 14 to < 16      |     0 |
| >= 16              |    11 |
+--------------------+-------+
* Control sets can be remapped at either synth_design or opt_design


3. Flip-Flop Distribution
-------------------------

+--------------+-----------------------+------------------------+-----------------+--------------+
| Clock Enable | Synchronous Set/Reset | Asynchronous Set/Reset | Total Registers | Total Slices |
+--------------+-----------------------+------------------------+-----------------+--------------+
| No           | No                    | No                     |             130 |           61 |
| No           | No                    | Yes                    |               6 |            2 |
| No           | Yes                   | No                     |              91 |           40 |
| Yes          | No                    | No                     |            2876 |         1324 |
| Yes          | No                    | Yes                    |               0 |            0 |
| Yes          | Yes                   | No                     |              70 |           23 |
+--------------+-----------------------+------------------------+-----------------+--------------+


4. Detailed Control Set Information
-----------------------------------

+---------------------+------------------------------------------+-------------------------------------------------------------------------------+------------------+----------------+--------------+
|     Clock Signal    |               Enable Signal              |                                Set/Reset Signal                               | Slice Load Count | Bel Load Count | Bels / Slice |
+---------------------+------------------------------------------+-------------------------------------------------------------------------------+------------------+----------------+--------------+
|  pll0/inst/clk_out1 |                                          | u0/p_0_in_0                                                                   |                1 |              1 |         1.00 |
|  pll0/inst/clk_out1 |                                          | rgb2dvi/U0/ClockGenInternal.ClockGenX/in0                                     |                1 |              2 |         2.00 |
|  pll0/inst/clk_out1 |                                          | rgb2dvi/U0/ClockGenInternal.ClockGenX/LockLostReset/SyncAsyncx/oSyncStages[1] |                1 |              4 |         4.00 |
|  pll0/inst/clk_out1 | u0/bitzaehler_snd                        | u0/reg_snd[8]_i_1_n_0                                                         |                2 |              4 |         2.00 |
|  pll0/inst/clk_out1 | vga0/si_state_reg[3]                     | si_state[3]_i_1_n_0                                                           |                1 |              4 |         4.00 |
|  pll0/inst/clk_out1 | vga0/frame_out_reg_1[0]                  |                                                                               |                2 |              4 |         2.00 |
|  pll0/inst/clk_out1 | vga0/FSM_onehot_si_state_frame_reg[1][0] |                                                                               |                1 |              5 |         5.00 |
|  pll0/inst/clk_out1 | uart_mem_offset[10]_i_2_n_0              | uart_mem_offset[10]_i_1_n_0                                                   |                3 |              6 |         2.00 |
|  pll0/inst/clk_out1 | u0/E[0]                                  | u0/SR[0]                                                                      |                3 |              8 |         2.67 |
|  pll0/inst/clk_out1 | u0/reg_snd[8]_i_1_n_0                    |                                                                               |                2 |              8 |         4.00 |
|  pll0/inst/clk_out1 | u0/byte_rcv[7]_i_1_n_0                   |                                                                               |                2 |              8 |         4.00 |
|  pll0/inst/clk_out1 | u0/start_rcv_reg_1[0]                    | si_uart_byte[7]_i_1_n_0                                                       |                3 |              8 |         2.67 |
|  pll0/inst/clk_out1 | u0/bitdauerzaehler_snd                   | u0/bitdauerzaehler_snd[8]_i_1_n_0                                             |                2 |              9 |         4.50 |
|  pll0/inst/clk_out1 | CEP                                      |                                                                               |                2 |              9 |         4.50 |
|  pll0/inst/clk_out1 | u0/bitdauerzaehler_rcv[8]_i_2_n_0        | u0/bitdauerzaehler_rcv                                                        |                2 |              9 |         4.50 |
|  pll0/inst/clk_out1 |                                          | u0/reg_rcv                                                                    |                3 |             10 |         3.33 |
|  pll0/inst/clk_out1 |                                          | rgb2dvi/U0/DataEncoders[0].DataEncoder/pDataOutRaw[9]_i_1__1_n_0              |                6 |             10 |         1.67 |
|  pll0/inst/clk_out1 | vga0/vc                                  | vga0/vc0                                                                      |                3 |             10 |         3.33 |
|  pll0/inst/clk_out1 |                                          | vga0/hc[10]_i_1_n_0                                                           |                4 |             11 |         2.75 |
|  pll0/inst/clk_out1 |                                          | vga0/vid_screen_v[10]_i_1_n_0                                                 |                3 |             11 |         3.67 |
|  pll0/inst/clk_out1 | uart_value_ad                            |                                                                               |                4 |             12 |         3.00 |
|  pll0/inst/clk_out1 | mem_addra                                |                                                                               |                6 |             12 |         2.00 |
|  pll0/inst/clk_out1 | value_pixel[11]_i_1_n_0                  |                                                                               |                6 |             12 |         2.00 |
|  pll0/inst/clk_out1 | si_value_pixel[11]_i_2_n_0               | si_value_pixel[11]_i_1_n_0                                                    |                4 |             12 |         3.00 |
|  pll0/inst/clk_out1 | vga0/addrb0                              |                                                                               |                5 |             12 |         2.40 |
|  pll0/inst/clk_out1 | vga0/FSM_onehot_si_calc_uart_reg[0][0]   |                                                                               |                2 |             12 |         6.00 |
|  pll0/inst/clk_out1 | vga0/frame_out_reg_0[0]                  |                                                                               |                5 |             12 |         2.40 |
|  pll0/inst/clk_out1 | si_ad_value_vector[12]_i_1_n_0           |                                                                               |                3 |             13 |         4.33 |
|  pll0/inst/clk_out1 | si_ad_value_bit                          |                                                                               |                4 |             13 |         3.25 |
|  pll0/inst/clk_out1 | si_ad_value_diff[12]_i_1_n_0             |                                                                               |                4 |             13 |         3.25 |
|  pll0/inst/clk_out1 | vga0/si_state_ad_frame_reg[1][0]         |                                                                               |                4 |             13 |         3.25 |
|  pll0/inst/clk_out1 |                                          | vga0/vid_screen_h[9]_i_1_n_0                                                  |                8 |             16 |         2.00 |
|  pll0/inst/clk_out1 | si_ad_calc_picture[-1111111103]_i_1_n_0  |                                                                               |                8 |             21 |         2.62 |
|  pll0/inst/clk_out1 | vga0/si_rotate_screen                    |                                                                               |               14 |             22 |         1.57 |
|  pll0/inst/clk_out1 | enb                                      |                                                                               |               10 |             27 |         2.70 |
|  pll0/inst/clk_out1 |                                          | rgb2dvi/U0/DataEncoders[0].DataEncoder/SR[0]                                  |               15 |             32 |         2.13 |
|  pll0/inst/clk_out1 | integer_rotate_speed[7]_i_1_n_0          |                                                                               |               55 |            107 |         1.95 |
|  pll0/inst/clk_out1 |                                          |                                                                               |               61 |            130 |         2.13 |
|  pll0/inst/clk_out1 | CEA2                                     |                                                                               |               96 |            141 |         1.47 |
|  pll0/inst/clk_out1 | si_buffer[799]_i_1_n_0                   |                                                                               |              316 |            800 |         2.53 |
|  pll0/inst/clk_out1 | si_ad_change_buffer                      |                                                                               |              413 |            800 |         1.94 |
|  pll0/inst/clk_out1 | mem_dina                                 |                                                                               |              360 |            800 |         2.22 |
+---------------------+------------------------------------------+-------------------------------------------------------------------------------+------------------+----------------+--------------+


